===================================
 Linux System Monitor
===================================
Fecha y Hora
2026-05-19 20:03:31

Uso de disco
Filesystem      Size  Used Avail Use% Mounted on
udev            6.8G     0  6.8G   0% /dev
tmpfs           1.4G  1.4M  1.4G   1% /run
/dev/sda5        44G   28G   15G  66% /
tmpfs           6.9G     0  6.9G   0% /dev/shm
tmpfs           5.0M  4.0K  5.0M   1% /run/lock
tmpfs           6.9G     0  6.9G   0% /sys/fs/cgroup
/dev/loop0       64M   64M     0 100% /snap/core20/2686
/dev/loop1      128K  128K     0 100% /snap/bare/5
/dev/loop2       64M   64M     0 100% /snap/core20/2866
/dev/loop3       74M   74M     0 100% /snap/core22/2216
/dev/loop5      517M  517M     0 100% /snap/gnome-42-2204/202
/dev/loop4       74M   74M     0 100% /snap/core22/2292
/dev/loop6       67M   67M     0 100% /snap/core24/1643
/dev/loop7      517M  517M     0 100% /snap/gnome-42-2204/226
/dev/loop8      347M  347M     0 100% /snap/gnome-3-38-2004/119
/dev/loop12      18M   18M     0 100% /snap/nvim/4779
/dev/loop10      54M   54M     0 100% /snap/go/11067
/dev/loop9       60M   60M     0 100% /snap/go/11127
/dev/loop13     350M  350M     0 100% /snap/gnome-3-38-2004/143
/dev/loop19     2.9M  2.9M     0 100% /snap/starship/2695
/dev/loop18      49M   49M     0 100% /snap/snapd/25935
/dev/loop15      46M   46M     0 100% /snap/snap-store/638
/dev/loop17      32M   32M     0 100% /snap/nvim/4611
/dev/loop14      13M   13M     0 100% /snap/snap-store/1216
/dev/loop16      51M   51M     0 100% /snap/snapd/25202
/dev/loop11      92M   92M     0 100% /snap/gtk-common-themes/1535
/dev/sda1       511M  4.0K  511M   1% /boot/efi
tmpfs           1.4G   16K  1.4G   1% /run/user/1000

Uso de CPU
%Cpu(s):  4.6 us,  0.0 sy,  0.0 ni, 95.4 id,  0.0 wa,  0.0 hi,  0.0 si,  0.0 st

Uso de memoria
              total        used        free      shared  buff/cache   available
Mem:           13Gi       1.5Gi        10Gi        32Mi       1.4Gi        11Gi
Swap:         2.0Gi          0B       2.0Gi

Procesos de Mayor consumo
USER         PID %CPU %MEM    VSZ   RSS TTY      STAT START   TIME COMMAND
jorge       3817 18.4  5.1 3662688 736976 ?      Sl   19:26   6:55 /usr/lib/firefox/firefox -contentproc -isForBrowser -prefsHandle 0 -prefsLen 38590 -prefMapHandle 1 -prefMapSize 264661 -jsInitHandle 2 -jsInitLen 247456 -parentBuildID 20250227124745 -sandboxReporter 3 -chrootClient 4 -ipcHandle 5 -initialChannelId {ae45a4e4-aad1-48dd-b7a3-cb379997a3ac} -parentPid 3575 -crashReporter 6 -greomni /usr/lib/firefox/omni.ja -appomni /usr/lib/firefox/browser/omni.ja -appDir /usr/lib/firefox/browser 6 tab
jorge       3575 15.7  3.8 3442368 556092 ?      Sl   19:25   5:55 /usr/lib/firefox/firefox
jorge       2104 35.9  1.2 403556 173380 tty2    Sl+  19:24  13:59 /usr/lib/xorg/Xorg vt2 -displayfd 3 -auth /run/user/1000/gdm/Xauthority -background none -noreset -keeptty -verbose 3
jorge       3663  0.1  1.0 2520172 154972 ?      Sl   19:26   0:03 /usr/lib/firefox/firefox -contentproc -isForBrowser -prefsHandle 0 -prefsLen 35352 -prefMapHandle 1 -prefMapSize 264661 -jsInitHandle 2 -jsInitLen 247456 -parentBuildID 20250227124745 -sandboxReporter 3 -chrootClient 4 -ipcHandle 5 -initialChannelId {cdbfdc2b-f3fe-47a2-99d8-c9a538333daa} -parentPid 3575 -crashReporter 6 -greomni /usr/lib/firefox/omni.ja -appomni /usr/lib/firefox/browser/omni.ja -appDir /usr/lib/firefox/browser 2 tab
jorge       3726  0.0  0.7 2480148 111932 ?      Sl   19:26   0:00 /usr/lib/firefox/firefox -contentproc -isForBrowser -prefsHandle 0 -prefsLen 43484 -prefMapHandle 1 -prefMapSize 264661 -jsInitHandle 2 -jsInitLen 247456 -parentBuildID 20250227124745 -sandboxReporter 3 -chrootClient 4 -ipcHandle 5 -initialChannelId {e5f4a0c9-f96d-42e2-b241-04b2f3722864} -parentPid 3575 -crashReporter 6 -greomni /usr/lib/firefox/omni.ja -appomni /usr/lib/firefox/browser/omni.ja -appDir /usr/lib/firefox/browser 4 tab

Consumo de CPU
USER         PID %CPU %MEM    VSZ   RSS TTY      STAT START   TIME COMMAND
jorge       2104 35.9  1.2 403556 173380 tty2    Rl+  19:24  13:59 /usr/lib/xorg/Xorg vt2 -displayfd 3 -auth /run/user/1000/gdm/Xauthority -background none -noreset -keeptty -verbose 3
jorge       3817 18.4  5.1 3662688 736976 ?      Sl   19:26   6:55 /usr/lib/firefox/firefox -contentproc -isForBrowser -prefsHandle 0 -prefsLen 38590 -prefMapHandle 1 -prefMapSize 264661 -jsInitHandle 2 -jsInitLen 247456 -parentBuildID 20250227124745 -sandboxReporter 3 -chrootClient 4 -ipcHandle 5 -initialChannelId {ae45a4e4-aad1-48dd-b7a3-cb379997a3ac} -parentPid 3575 -crashReporter 6 -greomni /usr/lib/firefox/omni.ja -appomni /usr/lib/firefox/browser/omni.ja -appDir /usr/lib/firefox/browser 6 tab
jorge       3575 15.7  3.8 3442368 556092 ?      Sl   19:25   5:55 /usr/lib/firefox/firefox
root         738  0.4  0.2 2145356 38488 ?       Ssl  19:20   0:12 /usr/lib/snapd/snapd
jorge       2204  0.4  0.0 283568  2468 ?        Sl   19:24   0:09 /usr/bin/VBoxClient --draganddrop

Monitoreo finalizado
